[2026-07-01T07:48:42.735Z] === 自动更新开始 (today=2026-07-01) ===
📡 拉取 "十个勤天" 频道日报 (最近 60 条)...
✓ 拉到 60/294 条
✓ 已写入 src/data/dailies.ts (60 条)
✓ 原始 JSON 备份到 src/data/dailies-raw.json (debug 用,已 gitignore)
[2026-07-01T07:48:45.666Z] fetch-daily 退出码 0
📡 拉取微博: 2026-06-25 ~ 2026-07-01 (7 天, 17 账号)
   时间窗(北京): 2026-06-25 00:00 ~ 2026-07-01 23:59
   unix: 1782316800 ~ 1782921599
✓ API 返回 200 条 (total=227)
✓ 按日分布: 2026-07-01: 12 | 2026-06-30: 32 | 2026-06-29: 36 | 2026-06-28: 45 | 2026-06-27: 53 | 2026-06-26: 22
✓ 共抓到 929 张图片(在 133 / 200 条微博里)
✓ 已写入 src/data/weibos.ts
[2026-07-01T07:48:49.060Z] fetch-weibo 退出码 0
[2026-07-01T07:48:49.060Z] === 自动更新结束 (daily=0, weibo=0) ===

[2026-07-01T07:49:26.667Z] === 自动更新开始 (today=2026-07-01) ===
📡 拉取 "十个勤天" 频道日报 (最近 60 条)...
✓ 拉到 60/294 条
✓ 已写入 src/data/dailies.ts (60 条)
✓ 原始 JSON 备份到 src/data/dailies-raw.json (debug 用,已 gitignore)
[2026-07-01T07:49:29.828Z] fetch-daily 退出码 0
📡 拉取微博: 2026-06-25 ~ 2026-07-01 (7 天, 17 账号)
   时间窗(北京): 2026-06-25 00:00 ~ 2026-07-01 23:59
   unix: 1782316800 ~ 1782921599
✓ API 返回 200 条 (total=227)
✓ 按日分布: 2026-07-01: 12 | 2026-06-30: 32 | 2026-06-29: 36 | 2026-06-28: 45 | 2026-06-27: 53 | 2026-06-26: 22
✓ 共抓到 929 张图片(在 133 / 200 条微博里)
✓ 已写入 src/data/weibos.ts
[2026-07-01T07:49:32.078Z] fetch-weibo 退出码 0
[2026-07-01T07:49:32.079Z] === 自动更新结束 (daily=0, weibo=0) ===

